============================= test session starts =============================
platform win32 -- Python 3.13.12, pytest-8.4.2, pluggy-1.6.0 -- D:\supabase-py\.venv\Scripts\python.exe
cachedir: .pytest_cache
rootdir: D:\supabase-py\src\postgrest
configfile: pyproject.toml
plugins: anyio-4.11.0, Faker-37.11.0, asyncio-1.0.0, cov-6.3.0, depends-1.0.1, mock-3.15.1, respx-0.22.0
asyncio: mode=Mode.AUTO, asyncio_default_fixture_loop_scope=None, asyncio_default_test_loop_scope=function
collecting ... collected 1 item

src\postgrest\tests\test_immutability.py::test_query_builder_is_immutable FAILED [100%]

================================== FAILURES ===================================
_______________________ test_query_builder_is_immutable _______________________

    def test_query_builder_is_immutable():
        """
        Reusing a base query should not carry over filters from previous uses.
        """
        client = SyncPostgrestClient("http://localhost:3000")
    
        base_query = client.from_("users").select("*")
        query_a = base_query.eq("role", "admin")
        query_b = base_query.eq("role", "user")
    
        # The params on query_a and query_b should be independent
>       assert query_a.params != query_b.params
               ^^^^^^^^^^^^^^
E       AttributeError: 'SyncSelectRequestBuilder' object has no attribute 'params'

src\postgrest\tests\test_immutability.py:15: AttributeError
=========================== short test summary info ===========================
FAILED src\postgrest\tests\test_immutability.py::test_query_builder_is_immutable
============================== 1 failed in 0.61s ==============================
